node:events:485
      throw er; // Unhandled 'error' event
      ^

Error: listen EADDRINUSE: address already in use :::8080
    at Server.setupListenHandle [as _listen2] (node:net:1937:16)
    at listenInCluster (node:net:1994:12)
    at Server.listen (node:net:2099:7)
    at file:///Users/rivero/ai/agentic-experience/apps/mas/trees/364bf7de/mas/studio/proxy-server.mjs:134:8
    at ModuleJob.run (node:internal/modules/esm/module_job:272:25)
    at async onImport.tracePromise.__proto__ (node:internal/modules/esm/loader:580:26)
    at async asyncRunEntryPointWithESMLoader (node:internal/modules/run_main:98:5)
Emitted 'error' event on Server instance at:
    at emitErrorNT (node:net:1973:8)
    at process.processTicksAndRejections (node:internal/process/task_queues:90:21) {
  code: 'EADDRINUSE',
  errno: -48,
  syscall: 'listen',
  address: '::',
  port: 8080
}

Node.js v23.6.1

[36m[watch][0m MAS Web Components Watcher
  Build: enabled
  Refresh: enabled
  Serve: enabled (port 3030)
  Debounce: 300ms

[35m[aem][0m Starting AEM dev server on http://localhost:3030...
[36m[watch][0m AEM will auto-reload when dist/ changes
[36m[watch][0m Watching src/**/*.js for changes...

[90mPress Ctrl+C to stop[0m

    ___    ________  ___                          __      __ v16.16.19
   /   |  / ____/  |/  /  _____(_)___ ___  __  __/ /___ _/ /_____  _____
  / /| | / __/ / /|_/ /  / ___/ / __ `__ \/ / / / / __ `/ __/ __ \/ ___/
 / ___ |/ /___/ /  / /  (__  ) / / / / / / /_/ / / /_/ / /_/ /_/ / /
/_/  |_/_____/_/  /_/  /____/_/_/ /_/ /_/\__,_/_/\__,_/\__/\____/_/

[35m[aem][0m     ___    ________  ___                          __      __ v16.16.19
[35m[aem][0m    /   |  / ____/  |/  /  _____(_)___ ___  __  __/ /___ _/ /_____  _____
[35m[aem][0m   / /| | / __/ / /|_/ /  / ___/ / __ `__ \/ / / / / __ `/ __/ __ \/ ___/
[35m[aem][0m  / ___ |/ /___/ /  / /  (__  ) / / / / / / /_/ / / /_/ / /_/ /_/ / /
[35m[aem][0m /_/  |_/_____/_/  /_/  /____/_/_/ /_/ /_/\__,_/_/\__,_/\__/\____/_/
[35m[aem][0m info: Starting AEM dev server v16.16.19
[35m[aem][0m info: Local AEM dev server up and running: http://localhost:3030/
[35m[aem][0m info: Enabled reverse proxy to https://main--mas--joaquinrivero.aem.page
info: Starting AEM dev server v16.16.19
info: Local AEM dev server up and running: http://localhost:3000/
info: Enabled reverse proxy to https://main--mas--joaquinrivero.aem.page
[35m[aem][0m opening default browser: http://localhost:3030/
opening default browser: http://localhost:3000/
